DEBUG    selenium.webdriver.remote.remote_connection:remote_connection.py:389 POST http://127.0.0.1:28465/session {"capabilities": {"firstMatch": [{}], "alwaysMatch": {"browserName": "chrome", "platformName": "any", "goog:chromeOptions": {"prefs": {"intl.accept_languages": "en"}, "extensions": [], "args": []}}}, "desiredCapabilities": {"browserName": "chrome", "version": "", "platform": "ANY", "goog:chromeOptions": {"prefs": {"intl.accept_languages": "en"}, "extensions": [], "args": []}}}
DEBUG    urllib3.connectionpool:connectionpool.py:227 Starting new HTTP connection (1): 127.0.0.1:28465
DEBUG    urllib3.connectionpool:connectionpool.py:452 http://127.0.0.1:28465 "POST /session HTTP/1.1" 200 784
DEBUG    selenium.webdriver.remote.remote_connection:remote_connection.py:440 Finished Request
DEBUG    selenium.webdriver.remote.remote_connection:remote_connection.py:389 POST http://127.0.0.1:28465/session/f498899a39d7762a6099f06455113154/timeouts {"implicit": 10000}
DEBUG    urllib3.connectionpool:connectionpool.py:452 http://127.0.0.1:28465 "POST /session/f498899a39d7762a6099f06455113154/timeouts HTTP/1.1" 200 14
DEBUG    selenium.webdriver.remote.remote_connection:remote_connection.py:440 Finished Request
DEBUG    selenium.webdriver.remote.remote_connection:remote_connection.py:389 POST http://127.0.0.1:28465/session/f498899a39d7762a6099f06455113154/url {"url": " http://selenium1py.pythonanywhere.com/catalogue/coders-at-work_207/"}
DEBUG    urllib3.connectionpool:connectionpool.py:452 http://127.0.0.1:28465 "POST /session/f498899a39d7762a6099f06455113154/url HTTP/1.1" 200 14
DEBUG    selenium.webdriver.remote.remote_connection:remote_connection.py:440 Finished Request
DEBUG    selenium.webdriver.remote.remote_connection:remote_connection.py:389 POST http://127.0.0.1:28465/session/f498899a39d7762a6099f06455113154/element {"using": "css selector", "value": ".btn-add-to-basket"}
DEBUG    urllib3.connectionpool:connectionpool.py:452 http://127.0.0.1:28465 "POST /session/f498899a39d7762a6099f06455113154/element HTTP/1.1" 200 88
DEBUG    selenium.webdriver.remote.remote_connection:remote_connection.py:440 Finished Request
DEBUG    selenium.webdriver.remote.remote_connection:remote_connection.py:389 POST http://127.0.0.1:28465/session/f498899a39d7762a6099f06455113154/element/c728eb13-f567-4344-a34b-ad352ca22081/click {"id": "c728eb13-f567-4344-a34b-ad352ca22081"}
DEBUG    urllib3.connectionpool:connectionpool.py:452 http://127.0.0.1:28465 "POST /session/f498899a39d7762a6099f06455113154/element/c728eb13-f567-4344-a34b-ad352ca22081/click HTTP/1.1" 200 14
DEBUG    selenium.webdriver.remote.remote_connection:remote_connection.py:440 Finished Request
DEBUG    selenium.webdriver.remote.remote_connection:remote_connection.py:389 GET http://127.0.0.1:28465/session/f498899a39d7762a6099f06455113154/alert/text {}
DEBUG    urllib3.connectionpool:connectionpool.py:452 http://127.0.0.1:28465 "GET /session/f498899a39d7762a6099f06455113154/alert/text HTTP/1.1" 404 903
DEBUG    selenium.webdriver.remote.remote_connection:remote_connection.py:440 Finished Request
DEBUG    selenium.webdriver.remote.remote_connection:remote_connection.py:389 DELETE http://127.0.0.1:28465/session/f498899a39d7762a6099f06455113154 {}
DEBUG    urllib3.connectionpool:connectionpool.py:452 http://127.0.0.1:28465 "DELETE /session/f498899a39d7762a6099f06455113154 HTTP/1.1" 200 14
DEBUG    selenium.webdriver.remote.remote_connection:remote_connection.py:440 Finished Request
